---------------------------------------
Begin Slurm Prolog: Jun-14-2025 16:12:40
Job ID:    2634405
User ID:   mchen439
Account:   coc
Job name:  pretrain_test
Partition: coe-gpu
QOS:       coe-ice
---------------------------------------
Job Started. Parameters:
Job Started. Parameters:Job Started. Parameters:

Job Started. Parameters:
Job Started. Parameters:
meta_params:
  bands:
  - delta
  - theta
  - alpha
  - beta
  - gamma
  experiment_name: train_autoencoder
  run_name: train_autoencoder_train_size_${training_params.train_frac}_val_size_${training_params.val_frac}_layers_${patch_encoder_params.n_gnn_transformer_layers}_default
  log_system_metrics: false
  log_model_params_and_grads: false
  save_model: false
  save_final_model: false
  num_recons: 4
patch_encoder_params:
  num_channels: 19
  sampling_rate: 128
  super_patch_seconds: 2
  n_gnn_transformer_layers: 3
  hidden_gnn_mlp_ratio: 2
  n_gnn_heads: 8
  channel_dropout_p: 0.2
training_params:
  input_dir: /storage/ice1/shared/bmed6780/mip_group_6/ef/TUH-128Hz
  train_frac: 0.02
  val_frac: 0.02
  random_seed: 42
  learning_rate: 0.001
  l2_weight_decay: 0.005
  batch_size: 256
  epochs: 2
  T_max: 2
  eta_min: 1.0e-07
  scheduler_after_batch: false
  ckpt_dir: ./checkpoint
  num_workers: 4

meta_params:
  bands:
  - delta
  - theta
  - alpha
  - beta
  - gamma
  experiment_name: train_autoencoder
  run_name: train_autoencoder_train_size_${training_params.train_frac}_val_size_${training_params.val_frac}_layers_${patch_encoder_params.n_gnn_transformer_layers}_default
  log_system_metrics: false
  log_model_params_and_grads: false
  save_model: false
  save_final_model: false
  num_recons: 4
patch_encoder_params:
  num_channels: 19
  sampling_rate: 128
  super_patch_seconds: 2
  n_gnn_transformer_layers: 3
  hidden_gnn_mlp_ratio: 2
  n_gnn_heads: 8
  channel_dropout_p: 0.2
training_params:
  input_dir: /storage/ice1/shared/bmed6780/mip_group_6/ef/TUH-128Hz
  train_frac: 0.02
  val_frac: 0.02
  random_seed: 42
  learning_rate: 0.001
  l2_weight_decay: 0.005
  batch_size: 256
  epochs: 2
  T_max: 2
  eta_min: 1.0e-07
  scheduler_after_batch: false
  ckpt_dir: ./checkpoint
  num_workers: 4
meta_params:
  bands:
  - delta
  - theta
  - alpha
  - beta
  - gamma
  experiment_name: train_autoencoder
  run_name: train_autoencoder_train_size_${training_params.train_frac}_val_size_${training_params.val_frac}_layers_${patch_encoder_params.n_gnn_transformer_layers}_default
  log_system_metrics: false
  log_model_params_and_grads: false
  save_model: false
  save_final_model: false
  num_recons: 4
patch_encoder_params:
  num_channels: 19
  sampling_rate: 128
  super_patch_seconds: 2
  n_gnn_transformer_layers: 3
  hidden_gnn_mlp_ratio: 2
  n_gnn_heads: 8
  channel_dropout_p: 0.2
training_params:
  input_dir: /storage/ice1/shared/bmed6780/mip_group_6/ef/TUH-128Hz
  train_frac: 0.02
  val_frac: 0.02
  random_seed: 42
  learning_rate: 0.001
  l2_weight_decay: 0.005
  batch_size: 256
  epochs: 2
  T_max: 2
  eta_min: 1.0e-07
  scheduler_after_batch: false
  ckpt_dir: ./checkpoint
  num_workers: 4
meta_params:
  bands:
  - delta
  - theta
  - alpha
  - beta
  - gamma
  experiment_name: train_autoencoder
  run_name: train_autoencoder_train_size_${training_params.train_frac}_val_size_${training_params.val_frac}_layers_${patch_encoder_params.n_gnn_transformer_layers}_default
  log_system_metrics: false
  log_model_params_and_grads: false
  save_model: false
  save_final_model: false
  num_recons: 4
patch_encoder_params:
  num_channels: 19
  sampling_rate: 128
  super_patch_seconds: 2
  n_gnn_transformer_layers: 3
  hidden_gnn_mlp_ratio: 2
  n_gnn_heads: 8
  channel_dropout_p: 0.2
training_params:
  input_dir: /storage/ice1/shared/bmed6780/mip_group_6/ef/TUH-128Hz
  train_frac: 0.02
  val_frac: 0.02
  random_seed: 42
  learning_rate: 0.001
  l2_weight_decay: 0.005
  batch_size: 256
  epochs: 2
  T_max: 2
  eta_min: 1.0e-07
  scheduler_after_batch: false
  ckpt_dir: ./checkpoint
  num_workers: 4



meta_params:
  bands:
  - delta
  - theta
  - alpha
  - beta
  - gamma
  experiment_name: train_autoencoder
  run_name: train_autoencoder_train_size_${training_params.train_frac}_val_size_${training_params.val_frac}_layers_${patch_encoder_params.n_gnn_transformer_layers}_default
  log_system_metrics: false
  log_model_params_and_grads: false
  save_model: false
  save_final_model: false
  num_recons: 4
patch_encoder_params:
  num_channels: 19
  sampling_rate: 128
  super_patch_seconds: 2
  n_gnn_transformer_layers: 3
  hidden_gnn_mlp_ratio: 2
  n_gnn_heads: 8
  channel_dropout_p: 0.2
training_params:
  input_dir: /storage/ice1/shared/bmed6780/mip_group_6/ef/TUH-128Hz
  train_frac: 0.02
  val_frac: 0.02
  random_seed: 42
  learning_rate: 0.001
  l2_weight_decay: 0.005
  batch_size: 256
  epochs: 2
  T_max: 2
  eta_min: 1.0e-07
  scheduler_after_batch: false
  ckpt_dir: ./checkpoint
  num_workers: 4

Job Started. Parameters:
meta_params:
  bands:
  - delta
  - theta
  - alpha
  - beta
  - gamma
  experiment_name: train_autoencoder
  run_name: train_autoencoder_train_size_${training_params.train_frac}_val_size_${training_params.val_frac}_layers_${patch_encoder_params.n_gnn_transformer_layers}_default
  log_system_metrics: false
  log_model_params_and_grads: false
  save_model: false
  save_final_model: false
  num_recons: 4
patch_encoder_params:
  num_channels: 19
  sampling_rate: 128
  super_patch_seconds: 2
  n_gnn_transformer_layers: 3
  hidden_gnn_mlp_ratio: 2
  n_gnn_heads: 8
  channel_dropout_p: 0.2
training_params:
  input_dir: /storage/ice1/shared/bmed6780/mip_group_6/ef/TUH-128Hz
  train_frac: 0.02
  val_frac: 0.02
  random_seed: 42
  learning_rate: 0.001
  l2_weight_decay: 0.005
  batch_size: 256
  epochs: 2
  T_max: 2
  eta_min: 1.0e-07
  scheduler_after_batch: false
  ckpt_dir: ./checkpoint
  num_workers: 4

Job Started. Parameters:
meta_params:
  bands:
  - delta
  - theta
  - alpha
  - beta
  - gamma
  experiment_name: train_autoencoder
  run_name: train_autoencoder_train_size_${training_params.train_frac}_val_size_${training_params.val_frac}_layers_${patch_encoder_params.n_gnn_transformer_layers}_default
  log_system_metrics: false
  log_model_params_and_grads: false
  save_model: false
  save_final_model: false
  num_recons: 4
patch_encoder_params:
  num_channels: 19
  sampling_rate: 128
  super_patch_seconds: 2
  n_gnn_transformer_layers: 3
  hidden_gnn_mlp_ratio: 2
  n_gnn_heads: 8
  channel_dropout_p: 0.2
training_params:
  input_dir: /storage/ice1/shared/bmed6780/mip_group_6/ef/TUH-128Hz
  train_frac: 0.02
  val_frac: 0.02
  random_seed: 42
  learning_rate: 0.001
  l2_weight_decay: 0.005
  batch_size: 256
  epochs: 2
  T_max: 2
  eta_min: 1.0e-07
  scheduler_after_batch: false
  ckpt_dir: ./checkpoint
  num_workers: 4

Job Started. Parameters:
meta_params:
  bands:
  - delta
  - theta
  - alpha
  - beta
  - gamma
  experiment_name: train_autoencoder
  run_name: train_autoencoder_train_size_${training_params.train_frac}_val_size_${training_params.val_frac}_layers_${patch_encoder_params.n_gnn_transformer_layers}_default
  log_system_metrics: false
  log_model_params_and_grads: false
  save_model: false
  save_final_model: false
  num_recons: 4
patch_encoder_params:
  num_channels: 19
  sampling_rate: 128
  super_patch_seconds: 2
  n_gnn_transformer_layers: 3
  hidden_gnn_mlp_ratio: 2
  n_gnn_heads: 8
  channel_dropout_p: 0.2
training_params:
  input_dir: /storage/ice1/shared/bmed6780/mip_group_6/ef/TUH-128Hz
  train_frac: 0.02
  val_frac: 0.02
  random_seed: 42
  learning_rate: 0.001
  l2_weight_decay: 0.005
  batch_size: 256
  epochs: 2
  T_max: 2
  eta_min: 1.0e-07
  scheduler_after_batch: false
  ckpt_dir: ./checkpoint
  num_workers: 4

Loading 527 subjects
Loading 527 subjects
Loading 527 subjects
Loading 527 subjects
Loading 527 subjects
Loading 527 subjects
Loading 527 subjects
Loading 527 subjects
