W0614 15:58:39.585000 1171316 torch/distributed/run.py:793] 
W0614 15:58:39.585000 1171316 torch/distributed/run.py:793] *****************************************
W0614 15:58:39.585000 1171316 torch/distributed/run.py:793] Setting OMP_NUM_THREADS environment variable for each process to be 1 in default, to avoid your system being overloaded, please further tune the variable for optimal performance in your application as needed. 
W0614 15:58:39.585000 1171316 torch/distributed/run.py:793] *****************************************
Traceback (most recent call last):
Traceback (most recent call last):
Traceback (most recent call last):
  File "/storage/ice1/1/9/mchen439/chungus-eeg/pretrain_autoencoder.py", line 16, in <module>
  File "/storage/ice1/1/9/mchen439/chungus-eeg/pretrain_autoencoder.py", line 16, in <module>
  File "/storage/ice1/1/9/mchen439/chungus-eeg/pretrain_autoencoder.py", line 16, in <module>
        from Model.MENDR.Autoencoder.MENDRAutoencoderTrainer import MENDRAutoencoderTrainerfrom Model.MENDR.Autoencoder.MENDRAutoencoderTrainer import MENDRAutoencoderTrainer

  File "/storage/ice1/1/9/mchen439/chungus-eeg/Model/MENDR/Autoencoder/MENDRAutoencoderTrainer.py", line 5, in <module>
  File "/storage/ice1/1/9/mchen439/chungus-eeg/Model/MENDR/Autoencoder/MENDRAutoencoderTrainer.py", line 5, in <module>
    from Model.MENDR.Autoencoder.MENDRAutoencoderTrainer import MENDRAutoencoderTrainer
  File "/storage/ice1/1/9/mchen439/chungus-eeg/Model/MENDR/Autoencoder/MENDRAutoencoderTrainer.py", line 5, in <module>
        from ...baseMoelTrainer import BaseModelTrainerfrom ...baseMoelTrainer import BaseModelTrainer

ModuleNotFoundErrorModuleNotFoundError: : No module named 'Model.baseMoelTrainer'No module named 'Model.baseMoelTrainer'

    from ...baseMoelTrainer import BaseModelTrainer
ModuleNotFoundError: No module named 'Model.baseMoelTrainer'
Traceback (most recent call last):
  File "/storage/ice1/1/9/mchen439/chungus-eeg/pretrain_autoencoder.py", line 16, in <module>
    from Model.MENDR.Autoencoder.MENDRAutoencoderTrainer import MENDRAutoencoderTrainer
  File "/storage/ice1/1/9/mchen439/chungus-eeg/Model/MENDR/Autoencoder/MENDRAutoencoderTrainer.py", line 5, in <module>
    from ...baseMoelTrainer import BaseModelTrainer
ModuleNotFoundError: No module named 'Model.baseMoelTrainer'
W0614 15:58:45.001000 1171316 torch/distributed/elastic/multiprocessing/api.py:897] Sending process 1171357 closing signal SIGTERM
E0614 15:58:45.115000 1171316 torch/distributed/elastic/multiprocessing/api.py:869] failed (exitcode: 1) local_rank: 0 (pid: 1171354) of binary: /home/hice1/mchen439/scratch/miniconda3/envs/chungus/bin/python
Traceback (most recent call last):
  File "/home/hice1/mchen439/scratch/miniconda3/envs/chungus/bin/torchrun", line 10, in <module>
    sys.exit(main())
  File "/home/hice1/mchen439/.local/lib/python3.10/site-packages/torch/distributed/elastic/multiprocessing/errors/__init__.py", line 355, in wrapper
    return f(*args, **kwargs)
  File "/home/hice1/mchen439/.local/lib/python3.10/site-packages/torch/distributed/run.py", line 919, in main
    run(args)
  File "/home/hice1/mchen439/.local/lib/python3.10/site-packages/torch/distributed/run.py", line 910, in run
    elastic_launch(
  File "/home/hice1/mchen439/.local/lib/python3.10/site-packages/torch/distributed/launcher/api.py", line 138, in __call__
    return launch_agent(self._config, self._entrypoint, list(args))
  File "/home/hice1/mchen439/.local/lib/python3.10/site-packages/torch/distributed/launcher/api.py", line 269, in launch_agent
    raise ChildFailedError(
torch.distributed.elastic.multiprocessing.errors.ChildFailedError: 
============================================================
pretrain_autoencoder.py FAILED
------------------------------------------------------------
Failures:
[1]:
  time      : 2025-06-14_15:58:45
  host      : atl1-1-03-017-23-0.pace.gatech.edu
  rank      : 1 (local_rank: 1)
  exitcode  : 1 (pid: 1171355)
  error_file: <N/A>
  traceback : To enable traceback see: https://pytorch.org/docs/stable/elastic/errors.html
[2]:
  time      : 2025-06-14_15:58:45
  host      : atl1-1-03-017-23-0.pace.gatech.edu
  rank      : 2 (local_rank: 2)
  exitcode  : 1 (pid: 1171356)
  error_file: <N/A>
  traceback : To enable traceback see: https://pytorch.org/docs/stable/elastic/errors.html
------------------------------------------------------------
Root Cause (first observed failure):
[0]:
  time      : 2025-06-14_15:58:45
  host      : atl1-1-03-017-23-0.pace.gatech.edu
  rank      : 0 (local_rank: 0)
  exitcode  : 1 (pid: 1171354)
  error_file: <N/A>
  traceback : To enable traceback see: https://pytorch.org/docs/stable/elastic/errors.html
============================================================
