---------------------------------------
Begin Slurm Prolog: Jun-14-2025 15:58:36
Job ID:    2634393
User ID:   mchen439
Account:   coc
Job name:  pretrain_test
Partition: coe-gpu
QOS:       coe-ice
---------------------------------------
---------------------------------------
Begin Slurm Epilog: Jun-14-2025 15:58:46
Job ID:        2634393
User ID:       mchen439
Account:       coc
Job name:      pretrain_test
Resources:     cpu=32,gres/gpu:h200=4,mem=128G,node=1
Rsrc Used:     cput=00:06:56,vmem=0,walltime=00:00:13,mem=1518336K,energy_used=0
Partition:     coe-gpu
QOS:           coe-ice
Nodes:         atl1-1-03-017-23-0
---------------------------------------
